// Jest Snapshot v1, https://goo.gl/fbAQLP

exports[`matches snapshot 1`] = `
{
  "Outputs": {
    "userpoolclientid": {
      "Value": {
        "Ref": "userpoolclient6E7D7551",
      },
    },
    "userpooldomainname": {
      "Value": {
        "Ref": "userpooldomain9FDEA85F",
      },
    },
    "userpoolid": {
      "Value": {
        "Ref": "userpool38E431F2",
      },
    },
  },
  "Parameters": {
    "BootstrapVersion": {
      "Default": "/cdk-bootstrap/hnb659fds/version",
      "Description": "Version of the CDK Bootstrap resources in this environment, automatically retrieved from SSM Parameter Store. [cdk:skip]",
      "Type": "AWS::SSM::Parameter::Value<String>",
    },
  },
  "Resources": {
    "managedloginbranding": {
      "Properties": {
        "ClientId": {
          "Ref": "userpoolclient6E7D7551",
        },
        "UseCognitoProvidedValues": true,
        "UserPoolId": {
          "Ref": "userpool38E431F2",
        },
      },
      "Type": "AWS::Cognito::ManagedLoginBranding",
    },
    "userpool38E431F2": {
      "DeletionPolicy": "Retain",
      "Properties": {
        "AccountRecoverySetting": {
          "RecoveryMechanisms": [
            {
              "Name": "verified_phone_number",
              "Priority": 1,
            },
            {
              "Name": "verified_email",
              "Priority": 2,
            },
          ],
        },
        "AdminCreateUserConfig": {
          "AllowAdminCreateUserOnly": true,
        },
        "AutoVerifiedAttributes": [],
        "EmailVerificationMessage": "The verification code to your new account is {####}",
        "EmailVerificationSubject": "Verify your new account",
        "Schema": [
          {
            "Mutable": true,
            "Name": "email",
            "Required": true,
          },
        ],
        "SmsVerificationMessage": "The verification code to your new account is {####}",
        "VerificationMessageTemplate": {
          "DefaultEmailOption": "CONFIRM_WITH_CODE",
          "EmailMessage": "The verification code to your new account is {####}",
          "EmailSubject": "Verify your new account",
          "SmsMessage": "The verification code to your new account is {####}",
        },
      },
      "Type": "AWS::Cognito::UserPool",
      "UpdateReplacePolicy": "Retain",
    },
    "userpoolclient6E7D7551": {
      "Properties": {
        "AllowedOAuthFlows": [
          "code",
        ],
        "AllowedOAuthFlowsUserPoolClient": true,
        "AllowedOAuthScopes": [
          "email",
          "openid",
        ],
        "CallbackURLs": [
          "http://localhost:3000",
        ],
        "ExplicitAuthFlows": [
          "ALLOW_USER_SRP_AUTH",
          "ALLOW_USER_AUTH",
          "ALLOW_REFRESH_TOKEN_AUTH",
        ],
        "SupportedIdentityProviders": [
          "COGNITO",
        ],
        "UserPoolId": {
          "Ref": "userpool38E431F2",
        },
      },
      "Type": "AWS::Cognito::UserPoolClient",
    },
    "userpooldomain9FDEA85F": {
      "Properties": {
        "Domain": "login-sourabhpisal",
        "ManagedLoginVersion": 2,
        "UserPoolId": {
          "Ref": "userpool38E431F2",
        },
      },
      "Type": "AWS::Cognito::UserPoolDomain",
    },
  },
  "Rules": {
    "CheckBootstrapVersion": {
      "Assertions": [
        {
          "Assert": {
            "Fn::Not": [
              {
                "Fn::Contains": [
                  [
                    "1",
                    "2",
                    "3",
                    "4",
                    "5",
                  ],
                  {
                    "Ref": "BootstrapVersion",
                  },
                ],
              },
            ],
          },
          "AssertDescription": "CDK bootstrap stack version 6 required. Please run 'cdk bootstrap' with a recent version of the CDK CLI.",
        },
      ],
    },
  },
}
`;
